Windows PowerShell
Copyright (C) Microsoft Corporation. All rights reserved.

Try the new cross-platform PowerShell https://aka.ms/pscore6

PS C:\Users\SWLAB\Desktop\shrinadgit> git --version
git version 2.38.1.windows.1
PS C:\Users\SWLAB\Desktop\shrinadgit> git init
Initialized empty Git repository in C:/Users/SWLAB/Desktop/shrinadgit/.git/
PS C:\Users\SWLAB\Desktop\shrinadgit> git status
On branch master

No commits yet

Changes to be committed:
  (use "git rm --cached <file>..." to unstage)
        new file:   CODE.txt
        new file:   Commands.txt
        new file:   abc

PS C:\Users\SWLAB\Desktop\shrinadgit> git remote add origin "https://github.com/bhaukadamop/WT-PRACTICAL.git"
PS C:\Users\SWLAB\Desktop\shrinadgit> git commit -m "hello universe"
[master (root-commit) 09a12fb] hello universe
 3 files changed, 34 insertions(+)
 create mode 100644 CODE.txt
 create mode 100644 Commands.txt
 create mode 100644 abc
PS C:\Users\SWLAB\Desktop\shrinadgit> git status
On branch master
nothing to commit, working tree clean
PS C:\Users\SWLAB\Desktop\shrinadgit> git push -u origin main
error: src refspec main does not match any
error: failed to push some refs to 'https://github.com/bhaukadamop/WT-PRACTICAL.git'
PS C:\Users\SWLAB\Desktop\shrinadgit> git push -u origin master
info: please complete authentication in your browser...
Enumerating objects: 5, done.
Counting objects: 100% (5/5), done.
Delta compression using up to 4 threads
Compressing objects: 100% (4/4), done.
Writing objects: 100% (5/5), 800 bytes | 266.00 KiB/s, done.
Total 5 (delta 0), reused 0 (delta 0), pack-reused 0
To https://github.com/bhaukadamop/WT-PRACTICAL.git
 * [new branch]      master -> master
branch 'master' set up to track 'origin/master'.
PS C:\Users\SWLAB\Desktop\shrinadgit> git push -u origin master
Everything up-to-date
branch 'master' set up to track 'origin/master'.
PS C:\Users\SWLAB\Desktop\shrinadgit>
